node.exe : C:\Users\kittu
\Downloads\GIT\whiteBoard
\whiteBoard\server\node_m
odules\@prisma\client\src
\runtime\utils\validatePr
ismaClientOptions.ts:239
At C:\Program 
Files\nodejs\npx.ps1:29 
char:3
+   & $NODE_EXE 
$NPX_CLI_JS $args
+   ~~~~~~~~~~~~~~~~~~~~~
~~~~~~~~
    + CategoryInfo       
       : NotSpecified:   
  (C:\Users\kittu\...t   
 Options.ts:239:Strin    
g) [], RemoteExcepti    
on
    + FullyQualifiedErro 
   rId : NativeCommandE  
  rror
 
      throw new PrismaCli
entConstructorValidationE
rror(
            ^


PrismaClientConstructorVa
lidationError: Unknown 
property datasources 
provided to PrismaClient 
constructor.
Read more at https://pris
.ly/d/client-constructor
    at validatePrismaClie
ntOptions (C:\Users\kittu
\Downloads\GIT\whiteBoard
\whiteBoard\server\node_m
odules\@prisma\client\src
\runtime\utils\validatePr
ismaClientOptions.ts:239:
13)
    at new t (C:\Users\ki
ttu\Downloads\GIT\whiteBo
ard\whiteBoard\server\nod
e_modules\@prisma\client\
src\runtime\getPrismaClie
nt.ts:281:7)
    at <anonymous> (C:\Us
ers\kittu\Downloads\GIT\w
hiteBoard\whiteBoard\serv
er\test-db.ts:2:16)
    at ModuleJob.run (nod
e:internal/modules/esm/mo
dule_job:271:25)
    at async onImport.tra
cePromise.__proto__ (node
:internal/modules/esm/loa
der:547:26)
    at async asyncRunEntr
yPointWithESMLoader (node
:internal/modules/run_mai
n:116:5)

Node.js v22.13.1
